public struct Range {
    begin: u16, limit: u16
}

public struct Slice {
    base: u16, count: u16
}

public func __syscall(syscallNumber: u16, arg: *void) {
    static let kPanicMessageUnimplemented = "__syscall is unimplemented"
    __panic(kPanicMessageUnimplemented)
}

let serialOut = (0x0001 as u16) bitcastAs *u8

public func __putc(c: u8) {
    serialOut.pointee = c
}

public func __puts(s: []const u8) {
    for c in s {
        serialOut.pointee = c
    }
}

public func __hlt() {
    asm("""
        NOP
        HLT
        """)
}

public func __panic(message: []const u8) {
    static let kPanicPrefix = "PANIC: "
    static let kPanicSuffix = "\n"
    __puts(kPanicPrefix)
    __puts(message)
    __puts(kPanicSuffix)
    __hlt()
}

public func __oob() {
    static let kPanicMessageOOB = "array access is out of bounds"
    __panic(kPanicMessageOOB)
}
