public struct None {}
public let none = None {}

public typealias usize = u16

let kHeapStart: usize = 0x1000
var addrOfNextAllocation: usize = kHeapStart

// Simple bump allocator for demonstration purposes.
public func malloc[T]() -> *T {
    let size = sizeof(T)
    let result: *T = addrOfNextAllocation bitcastAs *T
    addrOfNextAllocation = addrOfNextAllocation + size
    return result
}
