let kAudioDevice = 6
let kDirectDrive = 0x00
let kTriangleWaveFrequency = 0x01
let kPulseWaveModulation = 0x02
let kPulseWaveFrequency = 0x03
let kTriangleWaveAmplitude = 0x04
let kPulseWaveAmplitude = 0x05
let kNoiseAmplitude = 0x06
let kMasterGain = 0x07

func delay() {
	for i in 0..50 {
		// do nothing
	}
}

func playNote(control: u8, sustainTime: u8) {
	let attackMax = 224
	let attackStep = 1
	let decayStep = 1
	let sustainLevel = 192
	let releaseStep = 1

	pokePeripheral(control, kTriangleWaveFrequency, kAudioDevice)

	var gain: u16 = 0
	while gain < attackMax {
		pokePeripheral(gain as u8, kTriangleWaveAmplitude, kAudioDevice)
		gain = gain + attackStep
		delay()
	}

	while gain > sustainLevel {
		pokePeripheral(gain as u8, kTriangleWaveAmplitude, kAudioDevice)
		gain = gain - decayStep
		delay()
	}

	for i in 0..sustainTime {
		delay()
	}

	while gain > 0 {
		pokePeripheral(gain as u8, kTriangleWaveAmplitude, kAudioDevice)
		gain = gain - releaseStep
		delay()
	}

	pokePeripheral(0, kTriangleWaveAmplitude, kAudioDevice)
}


pokePeripheral(0xff, kMasterGain, kAudioDevice)
pokePeripheral(0, kTriangleWaveAmplitude, kAudioDevice)

# 153 corresponds to CV=3V which is A3.
# 204 corresponds to CV=4V which is A4.
# There are twelve semitones in the scale, which each correspond to 1/12V increments.
let noteA3 = 153
let noteB3 = 162
let noteC4 = 166
let noteD4 = 174
let noteE4 = 183
let noteF4 = 191
let noteG4 = 195
let noteA4 = 204
let noteB4 = 208

let noteLength = 2
let longNoteLength = 16

# Twinkle Twinkle Little Star
# C C G G A A G
# Twinkle, twinkle, little star
playNote(noteC4, noteLength)
playNote(noteC4, noteLength)
playNote(noteG4, noteLength)
playNote(noteG4, noteLength)
playNote(noteA4, noteLength)
playNote(noteA4, noteLength)
playNote(noteG4, longNoteLength)

# F F E E D D C
# How I wonder what you are
playNote(noteF4, noteLength)
playNote(noteF4, noteLength)
playNote(noteE4, noteLength)
playNote(noteE4, noteLength)
playNote(noteD4, noteLength)
playNote(noteD4, noteLength)
playNote(noteC4, longNoteLength)

# G G F F E E D
# Up above the world so high
playNote(noteG4, noteLength)
playNote(noteG4, noteLength)
playNote(noteF4, noteLength)
playNote(noteF4, noteLength)
playNote(noteE4, noteLength)
playNote(noteE4, noteLength)
playNote(noteD4, longNoteLength)

# G G F F E E D
# Like a diamond in the sky
playNote(noteG4, noteLength)
playNote(noteG4, noteLength)
playNote(noteF4, noteLength)
playNote(noteF4, noteLength)
playNote(noteE4, noteLength)
playNote(noteE4, noteLength)
playNote(noteD4, longNoteLength)

# C C G G A A G
# Twinkle, twinkle little star
playNote(noteC4, noteLength)
playNote(noteC4, noteLength)
playNote(noteG4, noteLength)
playNote(noteG4, noteLength)
playNote(noteA4, noteLength)
playNote(noteA4, noteLength)
playNote(noteG4, longNoteLength)

# F F E E D D C
# How I wonder what you are
playNote(noteF4, noteLength)
playNote(noteF4, noteLength)
playNote(noteE4, noteLength)
playNote(noteE4, noteLength)
playNote(noteD4, noteLength)
playNote(noteD4, noteLength)
playNote(noteC4, longNoteLength)

pokePeripheral(0, kMasterGain, kAudioDevice)
