func puts(s: []u8) {
    for var i = 0; i < 13; i = i + 1 {
        putc(s[i])
    }
}

func putc(c: u8) {
    let kSerialDevice = 7
    let kDataPort = 1
    let kControlPort = 0
    let kPutCommand = 1
    let kSckHi = 1
    let kSckLo = 0

    pokePeripheral(kPutCommand, kDataPort, kSerialDevice)
    pokePeripheral(kSckHi, kControlPort, kSerialDevice)
    pokePeripheral(kSckLo, kControlPort, kSerialDevice)
    pokePeripheral(c, kDataPort, kSerialDevice)
    pokePeripheral(kSckHi, kControlPort, kSerialDevice)
    pokePeripheral(kSckLo, kControlPort, kSerialDevice)
}
